analysis_id	analyzed_sample_id	matched_sample_id	assembly_version	platform	experimental_protocol	base_calling_algorithm	alignment_algorithm	variation_calling_algorithm	other_analysis_algorithm	sequencing_strategy	seq_coverage	raw_data_repository	raw_data_accession
HMF1T	HMF1T	-888	1	84	-888	-888	BWA-MEM	Strelka	-888	1	-888	1	HMF0
