analysis_id	analyzed_sample_id	mutation_type	chromosome	chromosome_start	chromosome_end	chromosome_strand	reference_genome_allele	control_genotype	mutated_from_allele	mutated_to_allele	tumour_genotype	expressed_allele	quality_score	probability	total_read_count	mutant_allele_read_count	verification_status	verification_platform	biological_validation_status	biological_validation_platform
HMF1T	HMF1T	3	1	105774	105775	1	GT	GT/GT	GT	G	G/G	-888	-888	-888	-888	-888	2	-888	-888	-888
HMF1T	HMF1T	1	1	1163028	1163028	1	G	G/G	G	A	A/A	-888	-888	-888	-888	-888	2	-888	-888	-888
HMF1T	HMF1T	1	1	1305667	1305667	1	C	C/C	C	A	A/A	-888	-888	-888	-888	-888	2	-888	-888	-888
HMF1T	HMF1T	1	1	1649076	1649076	1	C	C/C	C	T	T/T	-888	-888	-888	-888	-888	2	-888	-888	-888
HMF1T	HMF1T	1	1	1649899	1649899	1	C	C/C	C	T	T/T	-888	-888	-888	-888	-888	2	-888	-888	-888
HMF1T	HMF1T	1	1	1792155	1792155	1	A	A/A	A	C	C/C	-888	-888	-888	-888	-888	2	-888	-888	-888
HMF1T	HMF1T	3	1	1807931	1807933	1	CGA	CGA/CGA	CGA	C	C/C	-888	-888	-888	-888	-888	2	-888	-888	-888
HMF1T	HMF1T	1	1	1952811	1952811	1	G	G/G	G	A	A/A	-888	-888	-888	-888	-888	2	-888	-888	-888
HMF1T	HMF1T	1	1	2703564	2703564	1	A	A/A	A	C	C/C	-888	-888	-888	-888	-888	2	-888	-888	-888
HMF1T	HMF1T	1	1	2990259	2990259	1	G	G/G	G	A	A/A	-888	-888	-888	-888	-888	2	-888	-888	-888
HMF1T	HMF1T	1	1	4139216	4139216	1	G	G/G	G	A	A/A	-888	-888	-888	-888	-888	2	-888	-888	-888
HMF1T	HMF1T	1	1	4165517	4165517	1	C	C/C	C	T	T/T	-888	-888	-888	-888	-888	2	-888	-888	-888
HMF1T	HMF1T	1	1	4169035	4169035	1	C	C/C	C	T	T/T	-888	-888	-888	-888	-888	2	-888	-888	-888
HMF1T	HMF1T	1	1	4295000	4295000	1	G	G/G	G	A	A/A	-888	-888	-888	-888	-888	2	-888	-888	-888
HMF1T	HMF1T	1	1	4334096	4334096	1	C	C/C	C	A	A/A	-888	-888	-888	-888	-888	2	-888	-888	-888
HMF1T	HMF1T	1	1	4373195	4373195	1	G	G/G	G	A	A/A	-888	-888	-888	-888	-888	2	-888	-888	-888
HMF1T	HMF1T	1	1	4448703	4448703	1	G	G/G	G	A	A/A	-888	-888	-888	-888	-888	2	-888	-888	-888
